Turbo Assembler	 Version 2.0	    02/15/19 18:24:58	    Page 1
alumno.asm



      1				     ;_______________________________________________________________
      2				     ; DEFINICION DEL SEGMENTO DE DATOS
      3	0000			     DATOS SEGMENT
      4	0000  1B 5B 32 4A 24		     CLR_PANT	     DB	     1BH,"[2","J$"
      5	0005  1B 34 3B 32 37 66	54+	     CUR_MICRO	     DB	     1BH,"4;27fTECNOLOGIA DE COMPUTADORES$"
      6	      45 43 4E 4F 4C 4F	47+
      7	      49 41 20 44 45 20	43+
      8	      4F 4D 50 55 54 41	44+
      9	      4F 52 45 53 24
     10	0026  1B 5B 31 35 3B 31	66+	     PREG_NOM	     DB	     1BH,"[15;1fESCRIBE	TU NOMBRE ? $"
     11	      45 53 43 52 49 42	45+
     12	      20 54 55 20 4E 4F	4D+
     13	      42 52 45 20 3F 20	24
     14	0042  1B 5B 31 35 3B 31	66+	     PREG_APELL1     DB	     1BH,"[15;1fESCRIBE	TU PRIMER APELLIDO ? $"
     15	      45 53 43 52 49 42	45+
     16	      20 54 55 20 50 52	49+
     17	      4D 45 52 20 41 50	45+
     18	      4C 4C 49 44 4F 20	3F+
     19	      20 24
     20	0067  1B 5B 31 35 3B 31	66+	     PREG_APELL2     DB	     1BH,"[15;1fESCRIBE	TU SEGUNDO APELLIDO ? $"
     21	      45 53 43 52 49 42	45+
     22	      20 54 55 20 53 45	47+
     23	      55 4E 44 4F 20 41	50+
     24	      45 4C 4C 49 44 4F	20+
     25	      3F 20 24
     26	008D  50*(00)			     NOMBRE	     DB	     80	DUP (0)
     27	00DD  50*(00)			     APELLIDO1	     DB	     80	DUP (0)
     28	012D  50*(00)			     APELLIDO2	     DB	     80	DUP (0)
     29	017D  1B 5B 32 32 3B 31	66+	     TEXTO	     DB	     1BH,"[22;1fDON"," $"
     30	      44 4F 4E 20 24
     31	0189  20 45 53 20 41 4C	55+	     TEXTO2	     DB	     " ES ALUMNO DE 2º CURSO DE	"
     32	      4D 4E 4F 20 44 45	20+
     33	      32 BA 20 43 55 52	53+
     34	      4F 20 44 45 20
     35	01A3  49 4E 47 45 4E 49	45+			     DB	     "INGENIERIA INFORMATICA",13,10,"$"
     36	      52 49 41 20 49 4E	46+
     37	      4F 52 4D 41 54 49	43+
     38	      41 0D 0A 24
     39	01BC  20 24			     TEXTO3	     DB	     " $"
     40	01BE			     DATOS ENDS
     41				     ;_______________________________________________________________
     42				     ; DEFINICION DEL SEGMENTO DE PILA
     43	0000			     PILA SEGMENT STACK	"STACK"
     44	0000  40*(00)			     DB	40H DUP	(0)
     45	0040			     PILA ENDS
     46				     ;_______________________________________________________________
     47				     ; DEFINICION DEL SEGMENTO DE CODIGO
     48	0000			     CODE SEGMENT
     49				     ASSUME CS:CODE,DS:DATOS,SS:PILA
     50				     ; COMIENZO	DEL PROCEDIMIENTO PRINCIPAL (START)
     51	0000			     START PROC	FAR
     52				     ;INICIALIZACION DE	LOS REGISTROS DE SEGMENTO
     53	0000  B8 0000s			     MOV AX,DATOS
     54	0003  8E D8			     MOV DS,AX	     ;FIN DE LAS INICIALIZACIONES
     55
     56	0005  B4 09			     MOV AH,9	     ; BORRA LA	PANTALLA
     57	0007  BA 0000r			     MOV DX, OFFSET CLR_PANT
Turbo Assembler	 Version 2.0	    02/15/19 18:24:58	    Page 2
alumno.asm



     58	000A  CD 21			     INT 21H
     59
     60	000C  BA 0005r			     MOV DX,OFFSET CUR_MICRO	     ;ESCRIBE "CURSO ...
     61	000F  CD 21			     INT 21H
     62
     63	0011  BA 0026r			     MOV DX,OFFSET PREG_NOM	     ;MUESTRA "ESCRIBE NOMBRE ...
     64	0014  CD 21			     INT 21H
     65
     66	0016  B4 0A			     MOV AH,0AH			     ;ALMACENA EL NOMBRE TECLEADO
     67	0018  BA 008Dr			     MOV DX,OFFSET NOMBRE
     68
     69	001B  C6 06 008Dr 3C		     MOV NOMBRE[0],60		     ;MAXIMO NUMERO DE CARACTERES
     70	0020  CD 21			     INT 21H
     71
     72
     73	0022  B4 09			     MOV AH,9
     74	0024  BA 0042r			     MOV DX,OFFSET PREG_APELL1		     ;MUESTRA "ESCRIBE APELLIDO1...
     75	0027  CD 21			     INT 21H
     76
     77	0029  B4 0A			     MOV AH,0AH			     ;ALMACENA EL APELLIDO1 TECLEADO
     78	002B  BA 00DDr			     MOV DX,OFFSET APELLIDO1
     79
     80	002E  C6 06 00DDr 3C		     MOV APELLIDO1[0],60	     ;MAXIMO NUMERO DE CARACTERES
     81	0033  CD 21			     INT 21H
     82
     83	0035  B4 09			     MOV AH,9
     84	0037  BA 0067r			     MOV DX,OFFSET PREG_APELL2	     ;MUESTRA "ESCRIBE APELLIDO	2...
     85	003A  CD 21			     INT 21H
     86
     87	003C  B4 0A			     MOV AH,0AH			     ;ALMACENA EL APELLIDO2 TECLEADO
     88	003E  BA 012Dr			     MOV DX,OFFSET APELLIDO2
     89
     90	0041  C6 06 012Dr 3C		     MOV APELLIDO2[0],60	     ;MAXIMO NUMERO DE CARACTERES
     91	0046  CD 21			     INT 21H
     92
     93	0048  B4 09			     MOV AH,9			     ;ESCRIBE "DON ...
     94	004A  BA 017Dr			     MOV DX, OFFSET TEXTO
     95	004D  CD 21			     INT 21H
     96
     97
     98	004F  BB 0000		     moV BX,0
     99	0052			     UNO:
    100	0052  8A 97 008Fr		     MOV DL,NOMBRE[BX+2]	     ;ESCRIBIR UN CARACTER DEL NOMBRE
    101	0056  B4 02			     MOV AH,2
    102	0058  CD 21			     INT 21H
    103
    104	005A  43			     INC BX
    105	005B  3A 1E 008Er		     CMP BL, NOMBRE[1]		     ;COMPARA CON EL NUMERO DE CARACTERES
    106	005F  75 F1			     JNE UNO
    107
    108	0061  B4 09			     MOV AH,9			     ;ESCRIBE ESPACIO
    109	0063  BA 01BCr			     MOV DX, OFFSET TEXTO3
    110	0066  CD 21			     INT 21H
    111
    112	0068  BB 0000			     moV BX,0
    113	006B			     DOS:
    114	006B  8A 97 00DFr		     MOV DL,APELLIDO1[BX+2]	     ;ESCRIBIR UN CARACTER DEL APELLIDO1
Turbo Assembler	 Version 2.0	    02/15/19 18:24:58	    Page 3
alumno.asm



    115	006F  B4 02			     MOV AH,2
    116	0071  CD 21			     INT 21H
    117
    118	0073  43			     INC BX
    119	0074  3A 1E 00DEr		     CMP BL, APELLIDO1[1]	     ;COMPARA CON EL NUMERO DE CARACTERES
    120	0078  75 F1			     JNE DOS
    121
    122	007A  B4 09			     MOV AH,9			     ;ESCRIBE ESPACIO
    123	007C  BA 01BCr			     MOV DX, OFFSET TEXTO3
    124	007F  CD 21			     INT 21H
    125
    126
    127	0081  BB 0000			     moV BX,0
    128	0084			     TRES:
    129	0084  8A 97 012Fr		     MOV DL,APELLIDO2[BX+2]	     ;ESCRIBIR UN CARACTER DEL APELLIDO2
    130	0088  B4 02			     MOV AH,2
    131	008A  CD 21			     INT 21H
    132
    133	008C  43			     INC BX
    134	008D  3A 1E 012Er		     CMP BL, APELLIDO2[1]	     ;COMPARA CON EL NUMERO DE CARACTERES
    135	0091  75 F1			     JNE TRES
    136
    137
    138	0093  BA 0189r			     MOV DX, OFFSET TEXTO2	     ; ESCRIBE "ES ALUMNO ...
    139	0096  B4 09			     MOV AH,9
    140	0098  CD 21			     INT 21H
    141
    142	009A  B8 4C00			     MOV AX,4C00H		     ; FIN DE PROGRAMA Y VUELTA	AL DOS
    143	009D  CD 21			     INT 21H
    144	009F			     START ENDP
    145				     ;FIN DEL SEGMENTO DE CODIGO
    146	009F			     CODE ENDS
    147				     ;FIN DE PROGRAMA INDICANDO	DONDE COMIENZA LA EJECUCION
    148				     END START
Turbo Assembler	 Version 2.0	    02/15/19 18:24:58	    Page 4
Symbol Table




Symbol Name			  Type	 Value

??DATE				  Text	 "02/15/19"
??FILENAME			  Text	 "alumno  "
??TIME				  Text	 "18:24:58"
??VERSION			  Number 0200
@CPU				  Text	 0101H
@CURSEG				  Text	 CODE
@FILENAME			  Text	 ALUMNO
@WORDSIZE			  Text	 2
APELLIDO1			  Byte	 DATOS:00DD
APELLIDO2			  Byte	 DATOS:012D
CLR_PANT			  Byte	 DATOS:0000
CUR_MICRO			  Byte	 DATOS:0005
DOS				  Near	 CODE:006B
NOMBRE				  Byte	 DATOS:008D
PREG_APELL1			  Byte	 DATOS:0042
PREG_APELL2			  Byte	 DATOS:0067
PREG_NOM			  Byte	 DATOS:0026
START				  Far	 CODE:0000
TEXTO				  Byte	 DATOS:017D
TEXTO2				  Byte	 DATOS:0189
TEXTO3				  Byte	 DATOS:01BC
TRES				  Near	 CODE:0084
UNO				  Near	 CODE:0052

Groups & Segments		  Bit Size Align  Combine Class

CODE				  16  009F Para	  none
DATOS				  16  01BE Para	  none
PILA				  16  0040 Para	  Stack	  STACK
